main.c:66:10:get_time	4	static
main.c:70:6:Task_Print_Time	64	static
main.c:79:6:print_log	120	static
main.c:86:6:Task1_Run	8	static
main.c:91:6:Task2_Run	8	static
main.c:96:6:Task3_Run	8	static
main.c:101:6:Task4_Run	8	static
main.c:106:6:Task5_Run	8	static
main.c:111:6:Task6_Run	8	static
main.c:121:5:main	8	static
main.c:182:6:SystemClock_Config	72	static
main.c:218:13:MX_TIM2_Init	32	static
main.c:263:13:MX_USART1_Init	8	static
main.c:296:13:MX_GPIO_Init	32	static
main.c:335:6:HAL_TIM_PeriodElapsedCallback	16	static
main.c:345:6:Error_Handler	4	static,ignoring_inline_asm
