main.c:66:10:get_time	4	static
main.c:70:6:Task_Print_Time	64	static
main.c:79:6:Task1_Run	8	static
main.c:83:6:Task2_Run	8	static
main.c:87:6:Task3_Run	8	static
main.c:91:6:Task4_Run	8	static
main.c:95:6:Task5_Run	8	static
main.c:99:6:Task6_Run	8	static
main.c:108:5:main	8	static
main.c:171:6:SystemClock_Config	72	static
main.c:207:13:MX_TIM2_Init	32	static
main.c:252:13:MX_USART1_Init	8	static
main.c:285:13:MX_GPIO_Init	32	static
main.c:324:6:HAL_TIM_PeriodElapsedCallback	16	static
main.c:334:6:Error_Handler	4	static,ignoring_inline_asm
